// Jest Snapshot v1, https://goo.gl/fbAQLP

exports[`HomePage Snapshot test 1`] = `
<div>
  <nav
    className="menu-container-nav"
  >
    <img
      alt="logo"
      className="logo"
      src="logo.png"
    />
  </nav>
  <div
    className="container"
  >
    <div
      className="home"
    >
      <h1>
        Skill Examination
      </h1>
      <br />
      <div
        className="quizinstructions"
      >
        <h4>
          Examination Instructions
        </h4>
        <ol
          type="1"
        >
          <li>
            A start button would start the test with specific time
          </li>
          <li>
            Candidates can view one question per page and can navigate next/previous.
          </li>
          <li>
            Question may be a single or multiple choice.
          </li>
          <li>
            Test would finish automatically after the timer ends.
          </li>
          <li>
            The time limit for the test is 10 minutes.
          </li>
        </ol>
      </div>
      <div
        className="button-center"
      >
        <div
          className="select dropdown"
          onKeyDown={[Function]}
        >
          <button
            aria-expanded={false}
            aria-haspopup={true}
            className="dropdown-toggle btn btn-primary"
            disabled={false}
            id="selectLevel"
            onClick={[Function]}
            type="button"
          >
            Select the skill level
          </button>
        </div>
        <div
          className="checkbox"
        >
          <label
            className="checkbox-inline"
            htmlFor="{choice}"
            style={
              Object {
                "fontWeight": "bold",
              }
            }
          >
            <input
              onChange={[Function]}
              type="checkbox"
              value="agreement"
            />
            I agree to the Terms and Conditions
          </label>
          <br />
        </div>
      </div>
    </div>
  </div>
  <p
    className="footer"
  >
    Copyright Â© 2020 , All Rights Reserved.
  </p>
</div>
`;
