// Jest Snapshot v1, https://goo.gl/fbAQLP

exports[`First Submit Test Snapshot test 1`] = `
<div>
  <h1>
    Landing Page
  </h1>
  <button
    className="btn btn-primary btn-lg"
    id="home"
    onClick={[Function]}
    type="button"
  >
    Home
  </button>
</div>
`;
