// Jest Snapshot v1, https://goo.gl/fbAQLP

exports[`Question Snapshot test 1`] = `
<div
  className="container"
>
  <div
    className="Countdown-time"
  >
    Timer :-
     
    09
     
    :
     
    58
  </div>
  <h3
    id="question"
  >
    Question
     
    01
     
    :
     
    What temperature does water boil at?
  </h3>
  <div
    id="altcontainer"
  >
    <div
      className="radio"
    />
  </div>
  <button
    className="questionaireButton btn btn-info"
    disabled={false}
    onClick={
      Object {
        "push": [MockFunction],
      }
    }
    type="button"
  >
    Previous
  </button>
  <button
    className="questionaireButton btn btn-info"
    disabled={false}
    onClick={
      Object {
        "push": [MockFunction],
      }
    }
    type="button"
  >
    Next
  </button>
</div>
`;
