// Jest Snapshot v1, https://goo.gl/fbAQLP

exports[`First Submit Test Snapshot test 1`] = `
<div>
  <nav
    className="menu-container-nav"
  >
    <img
      alt="logo"
      className="logo"
      src="logo.png"
    />
  </nav>
  <div
    className="thankyou-page"
  >
    <img
      alt="check"
      src="check.png"
    />
    <h4>
      Thanks You! 
    </h4>
    <p>
      <b>
        Name :
      </b>
       
      
       
      
      <br />
      <b>
        Email :
      </b>
       
      
      <br />
      <b>
        Questions Attempted : 
      </b>
      <span
        className="number-score"
      >
        0
         /
         
        0
      </span>
      <br />
      <b>
        Score :
      </b>
       
      <span
        className="number-score"
      >
        0
         / 
        0
      </span>
    </p>
  </div>
  <p
    className="footer"
  >
    Copyright Â© 2020 , All Rights Reserved.
  </p>
</div>
`;
